2025-01-14 17:27:56,535 - services - INFO: - Фильтрация данных по дате
2025-01-14 17:27:56,537 - services - INFO: - Фильтрация данных по категории и полученному кэшбэку за месяц
2025-01-14 17:27:56,544 - services - INFO: - Фильтрация данных по дате
2025-01-14 17:27:56,544 - services - ERROR: - Ошибка: Указанной даты в данных не существует
2025-01-14 17:27:56,550 - services - ERROR: - Ошибка: Список данных пуст
2025-01-14 17:27:56,551 - services - INFO: - Сортируем данные по дате
2025-01-14 17:27:56,551 - services - INFO: - Создан список с информацией о сумме операции: [73.06, 21.0, 316.0]
2025-01-14 17:27:56,551 - services - INFO: - Сумма накоплений составила 19.939999999999998 руб.
2025-01-14 17:27:56,551 - services - INFO: - Время работы функции составило: 0.0 сек
2025-01-14 17:27:56,551 - services - INFO: - Сортируем данные по дате
2025-01-14 17:27:56,551 - services - INFO: - Создан список с информацией о сумме операции: [73.06, 21.0, 316.0]
2025-01-14 17:27:56,551 - services - INFO: - Сумма накоплений составила 89.94 руб.
2025-01-14 17:27:56,556 - services - INFO: - Время работы функции составило: 0.005122184753417969 сек
2025-01-14 17:27:56,557 - services - INFO: - Сортируем данные по дате
2025-01-14 17:27:56,557 - services - INFO: - Создан список с информацией о сумме операции: [73.06, 21.0, 316.0]
2025-01-14 17:27:56,557 - services - INFO: - Сумма накоплений составила 189.94 руб.
2025-01-14 17:27:56,558 - services - INFO: - Время работы функции составило: 0.0009908676147460938 сек
2025-01-14 17:27:56,561 - services - INFO: - Введен неподдерживаемый предел округления
2025-01-14 17:27:56,564 - services - INFO: - Время работы функции составило: 0.0034325122833251953 сек
2025-01-14 17:27:56,567 - services - INFO: - Сортируем данные по дате
2025-01-14 17:27:56,567 - services - INFO: - Такой даты в данных не нашлось
2025-01-14 17:27:56,567 - services - INFO: - Время работы функции составило: 0.0 сек
2025-01-14 17:27:56,573 - services - INFO: - Список данных пуст
2025-01-14 17:27:56,573 - services - INFO: - Время работы функции составило: 0.0 сек
2025-01-14 17:27:56,575 - services - INFO: - Данные отсортированы: [{'Дата операции': '03.01.2018 15:03:35', 'Дата платежа': '04.01.2018', 'Номер карты': '*7197', 'Статус': 'OK', 'Сумма операции': -73.06, 'Валюта операции': 'RUB', 'Сумма платежа': -73.06, 'Валюта платежа': 'RUB', 'Кэшбэк': 35, 'Категория': 'Супермаркеты', 'MCC': 5499.0, 'Описание': 'Magazin 25', 'Бонусы (включая кэшбэк)': 1, 'Округление на инвесткопилку': 0, 'Сумма операции с округлением': 73.06}]
2025-01-14 17:27:56,580 - services - INFO: - Данные отсортированы: [{'Дата операции': '03.01.2018 14:55:21', 'Дата платежа': '05.01.2018', 'Номер карты': '*7197', 'Статус': 'OK', 'Сумма операции': -21.0, 'Валюта операции': 'RUB', 'Сумма платежа': -21.0, 'Валюта платежа': 'RUB', 'Кэшбэк': nan, 'Категория': 'Красота', 'MCC': 5977.0, 'Описание': 'OOO Balid', 'Бонусы (включая кэшбэк)': 0, 'Округление на инвесткопилку': 0, 'Сумма операции с округлением': 21.0}, {'Дата операции': '01.01.2018 20:27:51', 'Дата платежа': '04.01.2018', 'Номер карты': '*7197', 'Статус': 'OK', 'Сумма операции': -316.0, 'Валюта операции': 'RUB', 'Сумма платежа': -316.0, 'Валюта платежа': 'RUB', 'Кэшбэк': nan, 'Категория': 'Красота', 'MCC': 5977.0, 'Описание': 'OOO Balid', 'Бонусы (включая кэшбэк)': 6, 'Округление на инвесткопилку': 0, 'Сумма операции с округлением': 316.0}]
2025-01-14 17:27:56,584 - services - ERROR: - Информации по запросу не нашлось
2025-01-14 17:27:56,590 - services - ERROR: - Список данных пуст
2025-01-14 17:27:56,599 - services - INFO: - Найдена подходящая строка в соответствии с шаблоном: Я МТС +7 921 11-22-33. Добавляем в список.
2025-01-14 17:27:56,599 - services - INFO: - Найдена подходящая строка в соответствии с шаблоном: Тинькофф Мобайл +7 995 555-55-55. Добавляем в список.
2025-01-14 17:27:56,600 - services - INFO: - Найдена подходящая строка в соответствии с шаблоном: МТС Mobile +7 981 333-44-55. Добавляем в список.
2025-01-14 17:27:56,600 - services - INFO: - Вывод результата
2025-01-14 17:27:56,601 - services - ERROR: - Список данных пуст
2025-01-14 17:27:56,609 - services - ERROR: - Данных с телефонными номерами в описании не нашлось
2025-01-14 17:27:56,612 - services - ERROR: - Передан неправильный тип данных. Должен быть список
2025-01-14 17:27:56,618 - services - INFO: - Найдена транзакция категории 'Переводы': {'Дата операции': '2018-01-03', 'Дата платежа': '04.01.2018', 'Номер карты': '*7197', 'Статус': 'OK', 'Сумма операции': -73.06, 'Валюта операции': 'RUB', 'Сумма платежа': -73.06, 'Валюта платежа': 'RUB', 'Кэшбэк': 35, 'Категория': 'Переводы', 'MCC': 5499.0, 'Описание': 'Я МТС +7 921 11-22-33', 'Бонусы (включая кэшбэк)': 1, 'Округление на инвесткопилку': 0, 'Сумма операции с округлением': 73.06}
2025-01-14 17:27:56,618 - services - INFO: - Найдена транзакция категории 'Переводы': {'Дата операции': '2018-02-03', 'Дата платежа': '01.01.2018', 'Номер карты': nan, 'Статус': 'OK', 'Сумма операции': -3000.0, 'Валюта операции': 'RUB', 'Сумма платежа': -3000.0, 'Валюта платежа': 'RUB', 'Кэшбэк': nan, 'Категория': 'Переводы', 'MCC': nan, 'Описание': 'Валерий А.', 'Бонусы (включая кэшбэк)': 0, 'Округление на инвесткопилку': 0, 'Сумма операции с округлением': 3000.0}
2025-01-14 17:27:56,618 - services - INFO: - Описание 'Валерий А.' соответствует шаблону
2025-01-14 17:27:56,618 - services - INFO: - Вывод результата
2025-01-14 17:27:56,621 - services - INFO: - Найдена транзакция категории 'Переводы': {'Дата операции': '01.01.2018 12:49:53', 'Дата платежа': '01.01.2018', 'Номер карты': nan, 'Статус': 'OK', 'Сумма операции': -3000.0, 'Валюта операции': 'RUB', 'Сумма платежа': -3000.0, 'Валюта платежа': 'RUB', 'Кэшбэк': nan, 'Категория': 'Переводы', 'MCC': nan, 'Описание': 'Линзомат ТЦ Юность', 'Бонусы (включая кэшбэк)': 0, 'Округление на инвесткопилку': 0, 'Сумма операции с округлением': 3000.0}
2025-01-14 17:27:56,621 - services - ERROR: - Данных с переводами физическим лицам не нашлось
2025-01-14 17:27:56,626 - services - ERROR: - Список данных пуст
